// Jest Snapshot v1, https://goo.gl/fbAQLP

exports[`logger changes this code: changes this code 1`] = `

function ggg () {

  for (var i = 0; i < 100; i++) {
    console.log(i);
  }

  return 42;
}

function xyz () {

  for (var i = 0; i < 100; i++) {
    console.log(i);
  }

  if (true) {
    console.log('100');
  }

  otherFunction();

}

function outer () {
  function inner () {
    console.log('does something');
  }

  return inner;
}

      ↓ ↓ ↓ ↓ ↓ ↓

function ggg() {
  console.time('ggg');

  for (var i = 0; i < 100; i++) {
    console.log(i);
  }

  console.timeEnd('ggg');
  return 42;
}

function xyz() {
  console.time('xyz');

  for (var i = 0; i < 100; i++) {
    console.log(i);
  }

  if (true) {
    console.log('100');
  }

  otherFunction();
  console.timeEnd('xyz');
}

function outer() {
  console.time('outer');

  function inner() {
    console.time('inner');
    console.log('does something');
    console.timeEnd('inner');
  }

  console.timeEnd('outer');
  return inner;
}


`;
